// Jest Snapshot v1, https://goo.gl/fbAQLP

exports[`Pruebas en authReducer Debe de retornar el estado por defecto 1`] = `<authReducer />`;
